<?xml version="1.0"?>
<link_info>
   <banner>TMS320C55x Linker PC v4.4.1</banner>
   <copyright>Copyright (c) 1996-2012 Texas Instruments Incorporated</copyright>
   <link_time>0x585fb4f8</link_time>
   <output_file>lcd-osk9616.out</output_file>
   <entry_point>
      <name>_c_int00</name>
      <address>0x45c0</address>
   </entry_point>
   <input_file_list>
      <input_file id="fl-2">
         <path>.\</path>
         <kind>object</kind>
         <file>oled_test.obj</file>
         <name>oled_test.obj</name>
      </input_file>
      <input_file id="fl-3">
         <path>.\</path>
         <kind>object</kind>
         <file>main.obj</file>
         <name>main.obj</name>
      </input_file>
      <input_file id="fl-8">
         <path>C:\ti\v5\v555555\ccsv5\tools\compiler\c5500_4.4.1\lib\</path>
         <kind>archive</kind>
         <file>rts55h.lib</file>
         <name>boot.obj</name>
      </input_file>
      <input_file id="fl-9">
         <path>C:\ti\v5\v555555\ccsv5\tools\compiler\c5500_4.4.1\lib\</path>
         <kind>archive</kind>
         <file>rts55h.lib</file>
         <name>exit.obj</name>
      </input_file>
      <input_file id="fl-a">
         <path>C:\ti\v5\v555555\ccsv5\tools\compiler\c5500_4.4.1\lib\</path>
         <kind>archive</kind>
         <file>rts55h.lib</file>
         <name>printf.obj</name>
      </input_file>
      <input_file id="fl-b">
         <path>C:\ti\v5\v555555\ccsv5\tools\compiler\c5500_4.4.1\lib\</path>
         <kind>archive</kind>
         <file>rts55h.lib</file>
         <name>vectors.obj</name>
      </input_file>
      <input_file id="fl-c">
         <path>C:\ti\v5\v555555\ccsv5\tools\compiler\c5500_4.4.1\lib\</path>
         <kind>archive</kind>
         <file>rts55h.lib</file>
         <name>_lock.obj</name>
      </input_file>
      <input_file id="fl-d">
         <path>C:\ti\v5\v555555\ccsv5\tools\compiler\c5500_4.4.1\lib\</path>
         <kind>archive</kind>
         <file>rts55h.lib</file>
         <name>_printfi.obj</name>
      </input_file>
      <input_file id="fl-e">
         <path>C:\ti\v5\v555555\ccsv5\tools\compiler\c5500_4.4.1\lib\</path>
         <kind>archive</kind>
         <file>rts55h.lib</file>
         <name>args_main.obj</name>
      </input_file>
      <input_file id="fl-f">
         <path>C:\ti\v5\v555555\ccsv5\tools\compiler\c5500_4.4.1\lib\</path>
         <kind>archive</kind>
         <file>rts55h.lib</file>
         <name>atoi.obj</name>
      </input_file>
      <input_file id="fl-10">
         <path>C:\ti\v5\v555555\ccsv5\tools\compiler\c5500_4.4.1\lib\</path>
         <kind>archive</kind>
         <file>rts55h.lib</file>
         <name>autoinit.obj</name>
      </input_file>
      <input_file id="fl-11">
         <path>C:\ti\v5\v555555\ccsv5\tools\compiler\c5500_4.4.1\lib\</path>
         <kind>archive</kind>
         <file>rts55h.lib</file>
         <name>cmpd.obj</name>
      </input_file>
      <input_file id="fl-12">
         <path>C:\ti\v5\v555555\ccsv5\tools\compiler\c5500_4.4.1\lib\</path>
         <kind>archive</kind>
         <file>rts55h.lib</file>
         <name>ctype.obj</name>
      </input_file>
      <input_file id="fl-13">
         <path>C:\ti\v5\v555555\ccsv5\tools\compiler\c5500_4.4.1\lib\</path>
         <kind>archive</kind>
         <file>rts55h.lib</file>
         <name>defs.obj</name>
      </input_file>
      <input_file id="fl-14">
         <path>C:\ti\v5\v555555\ccsv5\tools\compiler\c5500_4.4.1\lib\</path>
         <kind>archive</kind>
         <file>rts55h.lib</file>
         <name>divd.obj</name>
      </input_file>
      <input_file id="fl-15">
         <path>C:\ti\v5\v555555\ccsv5\tools\compiler\c5500_4.4.1\lib\</path>
         <kind>archive</kind>
         <file>rts55h.lib</file>
         <name>divul.obj</name>
      </input_file>
      <input_file id="fl-16">
         <path>C:\ti\v5\v555555\ccsv5\tools\compiler\c5500_4.4.1\lib\</path>
         <kind>archive</kind>
         <file>rts55h.lib</file>
         <name>fixdi.obj</name>
      </input_file>
      <input_file id="fl-17">
         <path>C:\ti\v5\v555555\ccsv5\tools\compiler\c5500_4.4.1\lib\</path>
         <kind>archive</kind>
         <file>rts55h.lib</file>
         <name>fixdli.obj</name>
      </input_file>
      <input_file id="fl-18">
         <path>C:\ti\v5\v555555\ccsv5\tools\compiler\c5500_4.4.1\lib\</path>
         <kind>archive</kind>
         <file>rts55h.lib</file>
         <name>fltlid.obj</name>
      </input_file>
      <input_file id="fl-19">
         <path>C:\ti\v5\v555555\ccsv5\tools\compiler\c5500_4.4.1\lib\</path>
         <kind>archive</kind>
         <file>rts55h.lib</file>
         <name>fputc.obj</name>
      </input_file>
      <input_file id="fl-1a">
         <path>C:\ti\v5\v555555\ccsv5\tools\compiler\c5500_4.4.1\lib\</path>
         <kind>archive</kind>
         <file>rts55h.lib</file>
         <name>fputs.obj</name>
      </input_file>
      <input_file id="fl-1b">
         <path>C:\ti\v5\v555555\ccsv5\tools\compiler\c5500_4.4.1\lib\</path>
         <kind>archive</kind>
         <file>rts55h.lib</file>
         <name>frcmpyd_div.obj</name>
      </input_file>
      <input_file id="fl-1c">
         <path>C:\ti\v5\v555555\ccsv5\tools\compiler\c5500_4.4.1\lib\</path>
         <kind>archive</kind>
         <file>rts55h.lib</file>
         <name>isinf.obj</name>
      </input_file>
      <input_file id="fl-1d">
         <path>C:\ti\v5\v555555\ccsv5\tools\compiler\c5500_4.4.1\lib\</path>
         <kind>archive</kind>
         <file>rts55h.lib</file>
         <name>llmpy.obj</name>
      </input_file>
      <input_file id="fl-1e">
         <path>C:\ti\v5\v555555\ccsv5\tools\compiler\c5500_4.4.1\lib\</path>
         <kind>archive</kind>
         <file>rts55h.lib</file>
         <name>lmpy.obj</name>
      </input_file>
      <input_file id="fl-1f">
         <path>C:\ti\v5\v555555\ccsv5\tools\compiler\c5500_4.4.1\lib\</path>
         <kind>archive</kind>
         <file>rts55h.lib</file>
         <name>lowlev.obj</name>
      </input_file>
      <input_file id="fl-20">
         <path>C:\ti\v5\v555555\ccsv5\tools\compiler\c5500_4.4.1\lib\</path>
         <kind>archive</kind>
         <file>rts55h.lib</file>
         <name>ltoa.obj</name>
      </input_file>
      <input_file id="fl-21">
         <path>C:\ti\v5\v555555\ccsv5\tools\compiler\c5500_4.4.1\lib\</path>
         <kind>archive</kind>
         <file>rts55h.lib</file>
         <name>memccpy.obj</name>
      </input_file>
      <input_file id="fl-22">
         <path>C:\ti\v5\v555555\ccsv5\tools\compiler\c5500_4.4.1\lib\</path>
         <kind>archive</kind>
         <file>rts55h.lib</file>
         <name>memcpy.obj</name>
      </input_file>
      <input_file id="fl-23">
         <path>C:\ti\v5\v555555\ccsv5\tools\compiler\c5500_4.4.1\lib\</path>
         <kind>archive</kind>
         <file>rts55h.lib</file>
         <name>mpyd.obj</name>
      </input_file>
      <input_file id="fl-24">
         <path>C:\ti\v5\v555555\ccsv5\tools\compiler\c5500_4.4.1\lib\</path>
         <kind>archive</kind>
         <file>rts55h.lib</file>
         <name>negd.obj</name>
      </input_file>
      <input_file id="fl-25">
         <path>C:\ti\v5\v555555\ccsv5\tools\compiler\c5500_4.4.1\lib\</path>
         <kind>archive</kind>
         <file>rts55h.lib</file>
         <name>remli.obj</name>
      </input_file>
      <input_file id="fl-26">
         <path>C:\ti\v5\v555555\ccsv5\tools\compiler\c5500_4.4.1\lib\</path>
         <kind>archive</kind>
         <file>rts55h.lib</file>
         <name>remul.obj</name>
      </input_file>
      <input_file id="fl-27">
         <path>C:\ti\v5\v555555\ccsv5\tools\compiler\c5500_4.4.1\lib\</path>
         <kind>archive</kind>
         <file>rts55h.lib</file>
         <name>subd.obj</name>
      </input_file>
      <input_file id="fl-28">
         <path>C:\ti\v5\v555555\ccsv5\tools\compiler\c5500_4.4.1\lib\</path>
         <kind>archive</kind>
         <file>rts55h.lib</file>
         <name>trgdrv.obj</name>
      </input_file>
      <input_file id="fl-29">
         <path>C:\ti\v5\v555555\ccsv5\tools\compiler\c5500_4.4.1\lib\</path>
         <kind>archive</kind>
         <file>rts55h.lib</file>
         <name>trgmsg.obj</name>
      </input_file>
      <input_file id="fl-2a">
         <path>C:\ti\v5\v555555\ccsv5\tools\compiler\c5500_4.4.1\lib\</path>
         <kind>archive</kind>
         <file>rts55h.lib</file>
         <name>udiv.obj</name>
      </input_file>
      <input_file id="fl-2b">
         <path>C:\ti\v5\v555555\ccsv5\tools\compiler\c5500_4.4.1\lib\</path>
         <kind>archive</kind>
         <file>rts55h.lib</file>
         <name>_io_perm.obj</name>
      </input_file>
      <input_file id="fl-2c">
         <path>C:\ti\v5\v555555\ccsv5\tools\compiler\c5500_4.4.1\lib\</path>
         <kind>archive</kind>
         <file>rts55h.lib</file>
         <name>addd.obj</name>
      </input_file>
      <input_file id="fl-2d">
         <path>C:\ti\v5\v555555\ccsv5\tools\compiler\c5500_4.4.1\lib\</path>
         <kind>archive</kind>
         <file>rts55h.lib</file>
         <name>divli.obj</name>
      </input_file>
      <input_file id="fl-2e">
         <path>C:\ti\v5\v555555\ccsv5\tools\compiler\c5500_4.4.1\lib\</path>
         <kind>archive</kind>
         <file>rts55h.lib</file>
         <name>fflush.obj</name>
      </input_file>
      <input_file id="fl-2f">
         <path>C:\ti\v5\v555555\ccsv5\tools\compiler\c5500_4.4.1\lib\</path>
         <kind>archive</kind>
         <file>rts55h.lib</file>
         <name>frcmpyd.obj</name>
      </input_file>
      <input_file id="fl-30">
         <path>C:\ti\v5\v555555\ccsv5\tools\compiler\c5500_4.4.1\lib\</path>
         <kind>archive</kind>
         <file>rts55h.lib</file>
         <name>fseek.obj</name>
      </input_file>
      <input_file id="fl-31">
         <path>C:\ti\v5\v555555\ccsv5\tools\compiler\c5500_4.4.1\lib\</path>
         <kind>archive</kind>
         <file>rts55h.lib</file>
         <name>setvbuf.obj</name>
      </input_file>
      <input_file id="fl-32">
         <path>C:\ti\v5\v555555\ccsv5\tools\compiler\c5500_4.4.1\lib\</path>
         <kind>archive</kind>
         <file>rts55h.lib</file>
         <name>fopen.obj</name>
      </input_file>
      <input_file id="fl-33">
         <path>C:\ti\v5\v555555\ccsv5\tools\compiler\c5500_4.4.1\lib\</path>
         <kind>archive</kind>
         <file>rts55h.lib</file>
         <name>memory.obj</name>
      </input_file>
      <input_file id="fl-34">
         <path>C:\ti\v5\v555555\ccsv5\tools\compiler\c5500_4.4.1\lib\</path>
         <kind>archive</kind>
         <file>rts55h.lib</file>
         <name>fclose.obj</name>
      </input_file>
      <input_file id="fl-35">
         <path>C:\ti\v5\v555555\ccsv5\tools\compiler\c5500_4.4.1\lib\</path>
         <kind>archive</kind>
         <file>rts55h.lib</file>
         <name>remove.obj</name>
      </input_file>
   </input_file_list>
   <object_component_list>
      <object_component id="oc-1b">
         <name>vectors</name>
         <load_address>0x4fe00</load_address>
         <run_address>0x4fe00</run_address>
         <size>0x100</size>
         <input_file_ref idref="fl-b"/>
      </object_component>
      <object_component id="oc-8d">
         <name>.cinit</name>
         <load_address>0x3670</load_address>
         <run_address>0x3670</run_address>
         <size>0x5a</size>
         <input_file_ref idref="fl-1f"/>
      </object_component>
      <object_component id="oc-5a">
         <name>.cinit</name>
         <load_address>0x36ca</load_address>
         <run_address>0x36ca</run_address>
         <size>0x54</size>
         <input_file_ref idref="fl-13"/>
      </object_component>
      <object_component id="oc-3d">
         <name>.cinit</name>
         <load_address>0x371e</load_address>
         <run_address>0x371e</run_address>
         <size>0x14</size>
         <input_file_ref idref="fl-c"/>
      </object_component>
      <object_component id="oc-2e">
         <name>.cinit</name>
         <load_address>0x3732</load_address>
         <run_address>0x3732</run_address>
         <size>0x14</size>
         <input_file_ref idref="fl-9"/>
      </object_component>
      <object_component id="oc-de">
         <name>.cinit</name>
         <load_address>0x3746</load_address>
         <run_address>0x3746</run_address>
         <size>0x8</size>
         <input_file_ref idref="fl-32"/>
      </object_component>
      <object_component id="oc-e4">
         <name>.cinit</name>
         <load_address>0x374e</load_address>
         <run_address>0x374e</run_address>
         <size>0x8</size>
         <input_file_ref idref="fl-33"/>
      </object_component>
      <object_component id="oc-1a">
         <name>.text</name>
         <load_address>0x45c0</load_address>
         <run_address>0x45c0</run_address>
         <size>0x34</size>
         <input_file_ref idref="fl-8"/>
      </object_component>
      <object_component id="oc-1c">
         <name>.text</name>
         <load_address>0x1533</load_address>
         <run_address>0x1533</run_address>
         <size>0x60d</size>
         <input_file_ref idref="fl-2"/>
      </object_component>
      <object_component id="oc-21">
         <name>.text</name>
         <load_address>0x3ee0</load_address>
         <run_address>0x3ee0</run_address>
         <size>0x8c</size>
         <input_file_ref idref="fl-3"/>
      </object_component>
      <object_component id="oc-2b">
         <name>.text</name>
         <load_address>0x4582</load_address>
         <run_address>0x4582</run_address>
         <size>0x3e</size>
         <input_file_ref idref="fl-9"/>
      </object_component>
      <object_component id="oc-2f">
         <name>.text:CIO_breakpoint</name>
         <load_address>0x46d7</load_address>
         <run_address>0x46d7</run_address>
         <size>0x7</size>
         <input_file_ref idref="fl-9"/>
      </object_component>
      <object_component id="oc-32">
         <name>.text</name>
         <load_address>0x440b</load_address>
         <run_address>0x440b</run_address>
         <size>0x4e</size>
         <input_file_ref idref="fl-a"/>
      </object_component>
      <object_component id="oc-36">
         <name>.text</name>
         <load_address>0x46de</load_address>
         <run_address>0x46de</run_address>
         <size>0x2</size>
         <input_file_ref idref="fl-b"/>
      </object_component>
      <object_component id="oc-3a">
         <name>.text</name>
         <load_address>0x46ab</load_address>
         <run_address>0x46ab</run_address>
         <size>0x12</size>
         <input_file_ref idref="fl-c"/>
      </object_component>
      <object_component id="oc-40">
         <name>.text</name>
         <load_address>0x0</load_address>
         <run_address>0x0</run_address>
         <size>0x1533</size>
         <input_file_ref idref="fl-d"/>
      </object_component>
      <object_component id="oc-46">
         <name>.text</name>
         <load_address>0x44f1</load_address>
         <run_address>0x44f1</run_address>
         <size>0x49</size>
         <input_file_ref idref="fl-e"/>
      </object_component>
      <object_component id="oc-4a">
         <name>.text</name>
         <load_address>0x435c</load_address>
         <run_address>0x435c</run_address>
         <size>0x59</size>
         <input_file_ref idref="fl-f"/>
      </object_component>
      <object_component id="oc-4e">
         <name>.text</name>
         <load_address>0x4459</load_address>
         <run_address>0x4459</run_address>
         <size>0x4d</size>
         <input_file_ref idref="fl-10"/>
      </object_component>
      <object_component id="oc-52">
         <name>.text</name>
         <load_address>0x35a9</load_address>
         <run_address>0x35a9</run_address>
         <size>0x1ea</size>
         <input_file_ref idref="fl-11"/>
      </object_component>
      <object_component id="oc-5c">
         <name>.text</name>
         <load_address>0x2ac3</load_address>
         <run_address>0x2ac3</run_address>
         <size>0x3c7</size>
         <input_file_ref idref="fl-14"/>
      </object_component>
      <object_component id="oc-60">
         <name>.text</name>
         <load_address>0x3e40</load_address>
         <run_address>0x3e40</run_address>
         <size>0xa0</size>
         <input_file_ref idref="fl-15"/>
      </object_component>
      <object_component id="oc-64">
         <name>.text</name>
         <load_address>0x45f4</load_address>
         <run_address>0x45f4</run_address>
         <size>0x2a</size>
         <input_file_ref idref="fl-16"/>
      </object_component>
      <object_component id="oc-68">
         <name>.text</name>
         <load_address>0x41b4</load_address>
         <run_address>0x41b4</run_address>
         <size>0x6e</size>
         <input_file_ref idref="fl-17"/>
      </object_component>
      <object_component id="oc-6c">
         <name>.text</name>
         <load_address>0x42f5</load_address>
         <run_address>0x42f5</run_address>
         <size>0x67</size>
         <input_file_ref idref="fl-18"/>
      </object_component>
      <object_component id="oc-71">
         <name>.text</name>
         <load_address>0x3d9e</load_address>
         <run_address>0x3d9e</run_address>
         <size>0xa2</size>
         <input_file_ref idref="fl-19"/>
      </object_component>
      <object_component id="oc-75">
         <name>.text</name>
         <load_address>0x3793</load_address>
         <run_address>0x3793</run_address>
         <size>0x17b</size>
         <input_file_ref idref="fl-1a"/>
      </object_component>
      <object_component id="oc-7a">
         <name>.text</name>
         <load_address>0x40d1</load_address>
         <run_address>0x40d1</run_address>
         <size>0x73</size>
         <input_file_ref idref="fl-1b"/>
      </object_component>
      <object_component id="oc-7e">
         <name>.text</name>
         <load_address>0x466a</load_address>
         <run_address>0x466a</run_address>
         <size>0x1a</size>
         <input_file_ref idref="fl-1c"/>
      </object_component>
      <object_component id="oc-82">
         <name>.text</name>
         <load_address>0x30f6</load_address>
         <run_address>0x30f6</run_address>
         <size>0x25c</size>
         <input_file_ref idref="fl-1d"/>
      </object_component>
      <object_component id="oc-86">
         <name>.text</name>
         <load_address>0x4698</load_address>
         <run_address>0x4698</run_address>
         <size>0x13</size>
         <input_file_ref idref="fl-1e"/>
      </object_component>
      <object_component id="oc-8a">
         <name>.text</name>
         <load_address>0x25ab</load_address>
         <run_address>0x25ab</run_address>
         <size>0x518</size>
         <input_file_ref idref="fl-1f"/>
      </object_component>
      <object_component id="oc-90">
         <name>.text</name>
         <load_address>0x3f6c</load_address>
         <run_address>0x3f6c</run_address>
         <size>0x79</size>
         <input_file_ref idref="fl-20"/>
      </object_component>
      <object_component id="oc-94">
         <name>.text</name>
         <load_address>0x4648</load_address>
         <run_address>0x4648</run_address>
         <size>0x22</size>
         <input_file_ref idref="fl-21"/>
      </object_component>
      <object_component id="oc-98">
         <name>.text</name>
         <load_address>0x43b5</load_address>
         <run_address>0x43b5</run_address>
         <size>0x56</size>
         <input_file_ref idref="fl-22"/>
      </object_component>
      <object_component id="oc-9c">
         <name>.text</name>
         <load_address>0x390e</load_address>
         <run_address>0x390e</run_address>
         <size>0x14b</size>
         <input_file_ref idref="fl-23"/>
      </object_component>
      <object_component id="oc-a0">
         <name>.text</name>
         <load_address>0x46bd</load_address>
         <run_address>0x46bd</run_address>
         <size>0x10</size>
         <input_file_ref idref="fl-24"/>
      </object_component>
      <object_component id="oc-a4">
         <name>.text</name>
         <load_address>0x44a6</load_address>
         <run_address>0x44a6</run_address>
         <size>0x4b</size>
         <input_file_ref idref="fl-25"/>
      </object_component>
      <object_component id="oc-a8">
         <name>.text</name>
         <load_address>0x4144</load_address>
         <run_address>0x4144</run_address>
         <size>0x70</size>
         <input_file_ref idref="fl-26"/>
      </object_component>
      <object_component id="oc-ac">
         <name>.text</name>
         <load_address>0x4684</load_address>
         <run_address>0x4684</run_address>
         <size>0x14</size>
         <input_file_ref idref="fl-27"/>
      </object_component>
      <object_component id="oc-b0">
         <name>.text</name>
         <load_address>0x1b40</load_address>
         <run_address>0x1b40</run_address>
         <size>0x538</size>
         <input_file_ref idref="fl-28"/>
      </object_component>
      <object_component id="oc-b5">
         <name>.text</name>
         <load_address>0x4222</load_address>
         <run_address>0x4222</run_address>
         <size>0x6b</size>
         <input_file_ref idref="fl-29"/>
      </object_component>
      <object_component id="oc-b8">
         <name>.text:CIO_breakpoint</name>
         <load_address>0x3c26</load_address>
         <run_address>0x3c26</run_address>
         <size>0xbe</size>
         <input_file_ref idref="fl-29"/>
      </object_component>
      <object_component id="oc-bb">
         <name>.text</name>
         <load_address>0x461e</load_address>
         <run_address>0x461e</run_address>
         <size>0x2a</size>
         <input_file_ref idref="fl-2a"/>
      </object_component>
      <object_component id="oc-bf">
         <name>.text</name>
         <load_address>0x3b4c</load_address>
         <run_address>0x3b4c</run_address>
         <size>0xda</size>
         <input_file_ref idref="fl-2b"/>
      </object_component>
      <object_component id="oc-c3">
         <name>.text</name>
         <load_address>0x3352</load_address>
         <run_address>0x3352</run_address>
         <size>0x257</size>
         <input_file_ref idref="fl-2c"/>
      </object_component>
      <object_component id="oc-c7">
         <name>.text</name>
         <load_address>0x453a</load_address>
         <run_address>0x453a</run_address>
         <size>0x48</size>
         <input_file_ref idref="fl-2d"/>
      </object_component>
      <object_component id="oc-cb">
         <name>.text</name>
         <load_address>0x3ce4</load_address>
         <run_address>0x3ce4</run_address>
         <size>0xba</size>
         <input_file_ref idref="fl-2e"/>
      </object_component>
      <object_component id="oc-cf">
         <name>.text</name>
         <load_address>0x405b</load_address>
         <run_address>0x405b</run_address>
         <size>0x76</size>
         <input_file_ref idref="fl-2f"/>
      </object_component>
      <object_component id="oc-d3">
         <name>.text</name>
         <load_address>0x428d</load_address>
         <run_address>0x428d</run_address>
         <size>0x68</size>
         <input_file_ref idref="fl-30"/>
      </object_component>
      <object_component id="oc-d7">
         <name>.text</name>
         <load_address>0x3a59</load_address>
         <run_address>0x3a59</run_address>
         <size>0xf3</size>
         <input_file_ref idref="fl-31"/>
      </object_component>
      <object_component id="oc-db">
         <name>.text</name>
         <load_address>0x2e8a</load_address>
         <run_address>0x2e8a</run_address>
         <size>0x26c</size>
         <input_file_ref idref="fl-32"/>
      </object_component>
      <object_component id="oc-e1">
         <name>.text</name>
         <load_address>0x2078</load_address>
         <run_address>0x2078</run_address>
         <size>0x533</size>
         <input_file_ref idref="fl-33"/>
      </object_component>
      <object_component id="oc-e8">
         <name>.text</name>
         <load_address>0x3fe5</load_address>
         <run_address>0x3fe5</run_address>
         <size>0x76</size>
         <input_file_ref idref="fl-34"/>
      </object_component>
      <object_component id="oc-ec">
         <name>.text</name>
         <load_address>0x46cd</load_address>
         <run_address>0x46cd</run_address>
         <size>0xa</size>
         <input_file_ref idref="fl-35"/>
      </object_component>
      <object_component id="oc-27">
         <name>.stack</name>
         <uninitialized>true</uninitialized>
         <run_address>0xc0</run_address>
         <size>0x0</size>
         <input_file_ref idref="fl-8"/>
      </object_component>
      <object_component id="oc-114">
         <name>.stack</name>
         <uninitialized>true</uninitialized>
         <run_address>0xc0</run_address>
         <size>0x0</size>
      </object_component>
      <object_component id="oc-f0">
         <name>.sysstack</name>
         <uninitialized>true</uninitialized>
         <run_address>0x20c0</run_address>
         <size>0x0</size>
         <input_file_ref idref="fl-8"/>
      </object_component>
      <object_component id="oc-116">
         <name>.sysstack</name>
         <uninitialized>true</uninitialized>
         <run_address>0x20c0</run_address>
         <size>0x0</size>
      </object_component>
      <object_component id="oc-e5">
         <name>.sysmem</name>
         <uninitialized>true</uninitialized>
         <run_address>0x8000</run_address>
         <size>0x0</size>
         <input_file_ref idref="fl-33"/>
      </object_component>
      <object_component id="oc-115">
         <name>.sysmem</name>
         <uninitialized>true</uninitialized>
         <run_address>0x8000</run_address>
         <size>0x0</size>
      </object_component>
      <object_component id="oc-b7">
         <name>.cio</name>
         <uninitialized>true</uninitialized>
         <run_address>0x3430</run_address>
         <size>0x240</size>
         <input_file_ref idref="fl-29"/>
      </object_component>
      <object_component id="oc-2c">
         <name>.bss</name>
         <uninitialized>true</uninitialized>
         <run_address>0xa4d0</run_address>
         <size>0x8</size>
         <input_file_ref idref="fl-9"/>
      </object_component>
      <object_component id="oc-3b">
         <name>.bss</name>
         <uninitialized>true</uninitialized>
         <run_address>0xa4c8</run_address>
         <size>0x8</size>
         <input_file_ref idref="fl-c"/>
      </object_component>
      <object_component id="oc-58">
         <name>.bss</name>
         <uninitialized>true</uninitialized>
         <run_address>0xa000</run_address>
         <size>0x232</size>
         <input_file_ref idref="fl-13"/>
      </object_component>
      <object_component id="oc-8b">
         <name>.bss</name>
         <uninitialized>true</uninitialized>
         <run_address>0xa3d4</run_address>
         <size>0xe2</size>
         <input_file_ref idref="fl-1f"/>
      </object_component>
      <object_component id="oc-b1">
         <name>.bss</name>
         <uninitialized>true</uninitialized>
         <run_address>0xa232</run_address>
         <size>0x1a0</size>
         <input_file_ref idref="fl-28"/>
      </object_component>
      <object_component id="oc-dc">
         <name>.bss</name>
         <uninitialized>true</uninitialized>
         <run_address>0xa3d2</run_address>
         <size>0x2</size>
         <input_file_ref idref="fl-32"/>
      </object_component>
      <object_component id="oc-e2">
         <name>.bss</name>
         <uninitialized>true</uninitialized>
         <run_address>0xa4b8</run_address>
         <size>0xe</size>
         <input_file_ref idref="fl-33"/>
      </object_component>
      <object_component id="oc-f1">
         <name>.const:__ctypes_</name>
         <load_address>0x30c0</load_address>
         <run_address>0x30c0</run_address>
         <size>0x202</size>
         <input_file_ref idref="fl-12"/>
      </object_component>
      <object_component id="oc-23">
         <name>.const:.string</name>
         <load_address>0x32c4</load_address>
         <run_address>0x32c4</run_address>
         <size>0xf2</size>
         <input_file_ref idref="fl-3"/>
      </object_component>
      <object_component id="oc-43">
         <name>.const:.string</name>
         <load_address>0x33b8</load_address>
         <run_address>0x33b8</run_address>
         <size>0x48</size>
         <input_file_ref idref="fl-d"/>
      </object_component>
      <object_component id="oc-42">
         <name>.const</name>
         <load_address>0x3400</load_address>
         <run_address>0x3400</run_address>
         <size>0x18</size>
         <input_file_ref idref="fl-d"/>
      </object_component>
      <object_component id="oc-f2">
         <name>.const:_initial_approx$1</name>
         <load_address>0x3418</load_address>
         <run_address>0x3418</run_address>
         <size>0x10</size>
         <input_file_ref idref="fl-14"/>
      </object_component>
      <object_component id="oc-77">
         <name>.const:.string</name>
         <load_address>0x3428</load_address>
         <run_address>0x3428</run_address>
         <size>0x4</size>
         <input_file_ref idref="fl-1a"/>
      </object_component>
      <object_component id="oc-6e">
         <name>.const</name>
         <load_address>0x342c</load_address>
         <run_address>0x342c</run_address>
         <size>0x4</size>
         <input_file_ref idref="fl-18"/>
      </object_component>
      <object_component id="oc-1d">
         <name>.debug_info</name>
         <load_address>0x0</load_address>
         <run_address>0x0</run_address>
         <size>0x1392</size>
         <input_file_ref idref="fl-2"/>
      </object_component>
      <object_component id="oc-22">
         <name>.debug_info</name>
         <load_address>0x1392</load_address>
         <run_address>0x1392</run_address>
         <size>0x773</size>
         <input_file_ref idref="fl-3"/>
      </object_component>
      <object_component id="oc-28">
         <name>.debug_info</name>
         <load_address>0x1b05</load_address>
         <run_address>0x1b05</run_address>
         <size>0xe8</size>
         <input_file_ref idref="fl-8"/>
      </object_component>
      <object_component id="oc-2d">
         <name>.debug_info</name>
         <load_address>0x1bed</load_address>
         <run_address>0x1bed</run_address>
         <size>0x5fb</size>
         <input_file_ref idref="fl-9"/>
      </object_component>
      <object_component id="oc-33">
         <name>.debug_info</name>
         <load_address>0x21e8</load_address>
         <run_address>0x21e8</run_address>
         <size>0x76c</size>
         <input_file_ref idref="fl-a"/>
      </object_component>
      <object_component id="oc-37">
         <name>.debug_info</name>
         <load_address>0x2954</load_address>
         <run_address>0x2954</run_address>
         <size>0xbc</size>
         <input_file_ref idref="fl-b"/>
      </object_component>
      <object_component id="oc-3c">
         <name>.debug_info</name>
         <load_address>0x2a10</load_address>
         <run_address>0x2a10</run_address>
         <size>0x5bc</size>
         <input_file_ref idref="fl-c"/>
      </object_component>
      <object_component id="oc-41">
         <name>.debug_info</name>
         <load_address>0x2fcc</load_address>
         <run_address>0x2fcc</run_address>
         <size>0x27bd</size>
         <input_file_ref idref="fl-d"/>
      </object_component>
      <object_component id="oc-47">
         <name>.debug_info</name>
         <load_address>0x5789</load_address>
         <run_address>0x5789</run_address>
         <size>0x586</size>
         <input_file_ref idref="fl-e"/>
      </object_component>
      <object_component id="oc-4b">
         <name>.debug_info</name>
         <load_address>0x5d0f</load_address>
         <run_address>0x5d0f</run_address>
         <size>0x5a4</size>
         <input_file_ref idref="fl-f"/>
      </object_component>
      <object_component id="oc-4f">
         <name>.debug_info</name>
         <load_address>0x62b3</load_address>
         <run_address>0x62b3</run_address>
         <size>0xcd</size>
         <input_file_ref idref="fl-10"/>
      </object_component>
      <object_component id="oc-53">
         <name>.debug_info</name>
         <load_address>0x6380</load_address>
         <run_address>0x6380</run_address>
         <size>0x81f</size>
         <input_file_ref idref="fl-11"/>
      </object_component>
      <object_component id="oc-56">
         <name>.debug_info</name>
         <load_address>0x6b9f</load_address>
         <run_address>0x6b9f</run_address>
         <size>0x498</size>
         <input_file_ref idref="fl-12"/>
      </object_component>
      <object_component id="oc-59">
         <name>.debug_info</name>
         <load_address>0x7037</load_address>
         <run_address>0x7037</run_address>
         <size>0x57e</size>
         <input_file_ref idref="fl-13"/>
      </object_component>
      <object_component id="oc-5d">
         <name>.debug_info</name>
         <load_address>0x75b5</load_address>
         <run_address>0x75b5</run_address>
         <size>0x7e8</size>
         <input_file_ref idref="fl-14"/>
      </object_component>
      <object_component id="oc-61">
         <name>.debug_info</name>
         <load_address>0x7d9d</load_address>
         <run_address>0x7d9d</run_address>
         <size>0x534</size>
         <input_file_ref idref="fl-15"/>
      </object_component>
      <object_component id="oc-65">
         <name>.debug_info</name>
         <load_address>0x82d1</load_address>
         <run_address>0x82d1</run_address>
         <size>0x4cf</size>
         <input_file_ref idref="fl-16"/>
      </object_component>
      <object_component id="oc-69">
         <name>.debug_info</name>
         <load_address>0x87a0</load_address>
         <run_address>0x87a0</run_address>
         <size>0x534</size>
         <input_file_ref idref="fl-17"/>
      </object_component>
      <object_component id="oc-6d">
         <name>.debug_info</name>
         <load_address>0x8cd4</load_address>
         <run_address>0x8cd4</run_address>
         <size>0x549</size>
         <input_file_ref idref="fl-18"/>
      </object_component>
      <object_component id="oc-72">
         <name>.debug_info</name>
         <load_address>0x921d</load_address>
         <run_address>0x921d</run_address>
         <size>0x6aa</size>
         <input_file_ref idref="fl-19"/>
      </object_component>
      <object_component id="oc-76">
         <name>.debug_info</name>
         <load_address>0x98c7</load_address>
         <run_address>0x98c7</run_address>
         <size>0x942</size>
         <input_file_ref idref="fl-1a"/>
      </object_component>
      <object_component id="oc-7b">
         <name>.debug_info</name>
         <load_address>0xa209</load_address>
         <run_address>0xa209</run_address>
         <size>0x53e</size>
         <input_file_ref idref="fl-1b"/>
      </object_component>
      <object_component id="oc-7f">
         <name>.debug_info</name>
         <load_address>0xa747</load_address>
         <run_address>0xa747</run_address>
         <size>0x680</size>
         <input_file_ref idref="fl-1c"/>
      </object_component>
      <object_component id="oc-83">
         <name>.debug_info</name>
         <load_address>0xadc7</load_address>
         <run_address>0xadc7</run_address>
         <size>0x7d4</size>
         <input_file_ref idref="fl-1d"/>
      </object_component>
      <object_component id="oc-87">
         <name>.debug_info</name>
         <load_address>0xb59b</load_address>
         <run_address>0xb59b</run_address>
         <size>0xbd</size>
         <input_file_ref idref="fl-1e"/>
      </object_component>
      <object_component id="oc-8c">
         <name>.debug_info</name>
         <load_address>0xb658</load_address>
         <run_address>0xb658</run_address>
         <size>0x144b</size>
         <input_file_ref idref="fl-1f"/>
      </object_component>
      <object_component id="oc-91">
         <name>.debug_info</name>
         <load_address>0xcaa3</load_address>
         <run_address>0xcaa3</run_address>
         <size>0x5ad</size>
         <input_file_ref idref="fl-20"/>
      </object_component>
      <object_component id="oc-95">
         <name>.debug_info</name>
         <load_address>0xd050</load_address>
         <run_address>0xd050</run_address>
         <size>0x574</size>
         <input_file_ref idref="fl-21"/>
      </object_component>
      <object_component id="oc-99">
         <name>.debug_info</name>
         <load_address>0xd5c4</load_address>
         <run_address>0xd5c4</run_address>
         <size>0xd1</size>
         <input_file_ref idref="fl-22"/>
      </object_component>
      <object_component id="oc-9d">
         <name>.debug_info</name>
         <load_address>0xd695</load_address>
         <run_address>0xd695</run_address>
         <size>0x55b</size>
         <input_file_ref idref="fl-23"/>
      </object_component>
      <object_component id="oc-a1">
         <name>.debug_info</name>
         <load_address>0xdbf0</load_address>
         <run_address>0xdbf0</run_address>
         <size>0x4b7</size>
         <input_file_ref idref="fl-24"/>
      </object_component>
      <object_component id="oc-a5">
         <name>.debug_info</name>
         <load_address>0xe0a7</load_address>
         <run_address>0xe0a7</run_address>
         <size>0x4f2</size>
         <input_file_ref idref="fl-25"/>
      </object_component>
      <object_component id="oc-a9">
         <name>.debug_info</name>
         <load_address>0xe599</load_address>
         <run_address>0xe599</run_address>
         <size>0x534</size>
         <input_file_ref idref="fl-26"/>
      </object_component>
      <object_component id="oc-ad">
         <name>.debug_info</name>
         <load_address>0xeacd</load_address>
         <run_address>0xeacd</run_address>
         <size>0x4de</size>
         <input_file_ref idref="fl-27"/>
      </object_component>
      <object_component id="oc-b2">
         <name>.debug_info</name>
         <load_address>0xefab</load_address>
         <run_address>0xefab</run_address>
         <size>0xed4</size>
         <input_file_ref idref="fl-28"/>
      </object_component>
      <object_component id="oc-b6">
         <name>.debug_info</name>
         <load_address>0xfe7f</load_address>
         <run_address>0xfe7f</run_address>
         <size>0x744</size>
         <input_file_ref idref="fl-29"/>
      </object_component>
      <object_component id="oc-bc">
         <name>.debug_info</name>
         <load_address>0x105c3</load_address>
         <run_address>0x105c3</run_address>
         <size>0xef</size>
         <input_file_ref idref="fl-2a"/>
      </object_component>
      <object_component id="oc-c0">
         <name>.debug_info</name>
         <load_address>0x106b2</load_address>
         <run_address>0x106b2</run_address>
         <size>0x662</size>
         <input_file_ref idref="fl-2b"/>
      </object_component>
      <object_component id="oc-c4">
         <name>.debug_info</name>
         <load_address>0x10d14</load_address>
         <run_address>0x10d14</run_address>
         <size>0x5ab</size>
         <input_file_ref idref="fl-2c"/>
      </object_component>
      <object_component id="oc-c8">
         <name>.debug_info</name>
         <load_address>0x112bf</load_address>
         <run_address>0x112bf</run_address>
         <size>0x4f2</size>
         <input_file_ref idref="fl-2d"/>
      </object_component>
      <object_component id="oc-cc">
         <name>.debug_info</name>
         <load_address>0x117b1</load_address>
         <run_address>0x117b1</run_address>
         <size>0x706</size>
         <input_file_ref idref="fl-2e"/>
      </object_component>
      <object_component id="oc-d0">
         <name>.debug_info</name>
         <load_address>0x11eb7</load_address>
         <run_address>0x11eb7</run_address>
         <size>0x4d2</size>
         <input_file_ref idref="fl-2f"/>
      </object_component>
      <object_component id="oc-d4">
         <name>.debug_info</name>
         <load_address>0x12389</load_address>
         <run_address>0x12389</run_address>
         <size>0x5f7</size>
         <input_file_ref idref="fl-30"/>
      </object_component>
      <object_component id="oc-d8">
         <name>.debug_info</name>
         <load_address>0x12980</load_address>
         <run_address>0x12980</run_address>
         <size>0x64a</size>
         <input_file_ref idref="fl-31"/>
      </object_component>
      <object_component id="oc-dd">
         <name>.debug_info</name>
         <load_address>0x12fca</load_address>
         <run_address>0x12fca</run_address>
         <size>0xa1c</size>
         <input_file_ref idref="fl-32"/>
      </object_component>
      <object_component id="oc-e3">
         <name>.debug_info</name>
         <load_address>0x139e6</load_address>
         <run_address>0x139e6</run_address>
         <size>0xba5</size>
         <input_file_ref idref="fl-33"/>
      </object_component>
      <object_component id="oc-e9">
         <name>.debug_info</name>
         <load_address>0x1458b</load_address>
         <run_address>0x1458b</run_address>
         <size>0x64f</size>
         <input_file_ref idref="fl-34"/>
      </object_component>
      <object_component id="oc-ed">
         <name>.debug_info</name>
         <load_address>0x14bda</load_address>
         <run_address>0x14bda</run_address>
         <size>0x510</size>
         <input_file_ref idref="fl-35"/>
      </object_component>
      <object_component id="oc-117">
         <name>.debug_info</name>
         <load_address>0x150ea</load_address>
         <run_address>0x150ea</run_address>
         <size>0x6e</size>
      </object_component>
      <object_component id="oc-1e">
         <name>.debug_frame</name>
         <load_address>0x0</load_address>
         <run_address>0x0</run_address>
         <size>0x13b</size>
         <input_file_ref idref="fl-2"/>
      </object_component>
      <object_component id="oc-24">
         <name>.debug_frame</name>
         <load_address>0x13b</load_address>
         <run_address>0x13b</run_address>
         <size>0xfe</size>
         <input_file_ref idref="fl-3"/>
      </object_component>
      <object_component id="oc-1f">
         <name>.debug_line</name>
         <load_address>0x0</load_address>
         <run_address>0x0</run_address>
         <size>0x1c6</size>
         <input_file_ref idref="fl-2"/>
      </object_component>
      <object_component id="oc-25">
         <name>.debug_line</name>
         <load_address>0x1c6</load_address>
         <run_address>0x1c6</run_address>
         <size>0x5f</size>
         <input_file_ref idref="fl-3"/>
      </object_component>
      <object_component id="oc-29">
         <name>.debug_line</name>
         <load_address>0x225</load_address>
         <run_address>0x225</run_address>
         <size>0x54</size>
         <input_file_ref idref="fl-8"/>
      </object_component>
      <object_component id="oc-30">
         <name>.debug_line</name>
         <load_address>0x279</load_address>
         <run_address>0x279</run_address>
         <size>0x51</size>
         <input_file_ref idref="fl-9"/>
      </object_component>
      <object_component id="oc-34">
         <name>.debug_line</name>
         <load_address>0x2ca</load_address>
         <run_address>0x2ca</run_address>
         <size>0x69</size>
         <input_file_ref idref="fl-a"/>
      </object_component>
      <object_component id="oc-38">
         <name>.debug_line</name>
         <load_address>0x333</load_address>
         <run_address>0x333</run_address>
         <size>0x37</size>
         <input_file_ref idref="fl-b"/>
      </object_component>
      <object_component id="oc-3e">
         <name>.debug_line</name>
         <load_address>0x36a</load_address>
         <run_address>0x36a</run_address>
         <size>0x57</size>
         <input_file_ref idref="fl-c"/>
      </object_component>
      <object_component id="oc-44">
         <name>.debug_line</name>
         <load_address>0x3c1</load_address>
         <run_address>0x3c1</run_address>
         <size>0x328</size>
         <input_file_ref idref="fl-d"/>
      </object_component>
      <object_component id="oc-48">
         <name>.debug_line</name>
         <load_address>0x6e9</load_address>
         <run_address>0x6e9</run_address>
         <size>0x41</size>
         <input_file_ref idref="fl-e"/>
      </object_component>
      <object_component id="oc-4c">
         <name>.debug_line</name>
         <load_address>0x72a</load_address>
         <run_address>0x72a</run_address>
         <size>0x46</size>
         <input_file_ref idref="fl-f"/>
      </object_component>
      <object_component id="oc-50">
         <name>.debug_line</name>
         <load_address>0x770</load_address>
         <run_address>0x770</run_address>
         <size>0x55</size>
         <input_file_ref idref="fl-10"/>
      </object_component>
      <object_component id="oc-54">
         <name>.debug_line</name>
         <load_address>0x7c5</load_address>
         <run_address>0x7c5</run_address>
         <size>0xad</size>
         <input_file_ref idref="fl-11"/>
      </object_component>
      <object_component id="oc-5e">
         <name>.debug_line</name>
         <load_address>0x872</load_address>
         <run_address>0x872</run_address>
         <size>0x5b</size>
         <input_file_ref idref="fl-14"/>
      </object_component>
      <object_component id="oc-62">
         <name>.debug_line</name>
         <load_address>0x8cd</load_address>
         <run_address>0x8cd</run_address>
         <size>0x44</size>
         <input_file_ref idref="fl-15"/>
      </object_component>
      <object_component id="oc-66">
         <name>.debug_line</name>
         <load_address>0x911</load_address>
         <run_address>0x911</run_address>
         <size>0x3d</size>
         <input_file_ref idref="fl-16"/>
      </object_component>
      <object_component id="oc-6a">
         <name>.debug_line</name>
         <load_address>0x94e</load_address>
         <run_address>0x94e</run_address>
         <size>0x3d</size>
         <input_file_ref idref="fl-17"/>
      </object_component>
      <object_component id="oc-6f">
         <name>.debug_line</name>
         <load_address>0x98b</load_address>
         <run_address>0x98b</run_address>
         <size>0x44</size>
         <input_file_ref idref="fl-18"/>
      </object_component>
      <object_component id="oc-73">
         <name>.debug_line</name>
         <load_address>0x9cf</load_address>
         <run_address>0x9cf</run_address>
         <size>0x56</size>
         <input_file_ref idref="fl-19"/>
      </object_component>
      <object_component id="oc-78">
         <name>.debug_line</name>
         <load_address>0xa25</load_address>
         <run_address>0xa25</run_address>
         <size>0xa6</size>
         <input_file_ref idref="fl-1a"/>
      </object_component>
      <object_component id="oc-7c">
         <name>.debug_line</name>
         <load_address>0xacb</load_address>
         <run_address>0xacb</run_address>
         <size>0x40</size>
         <input_file_ref idref="fl-1b"/>
      </object_component>
      <object_component id="oc-80">
         <name>.debug_line</name>
         <load_address>0xb0b</load_address>
         <run_address>0xb0b</run_address>
         <size>0x38</size>
         <input_file_ref idref="fl-1c"/>
      </object_component>
      <object_component id="oc-84">
         <name>.debug_line</name>
         <load_address>0xb43</load_address>
         <run_address>0xb43</run_address>
         <size>0xa8</size>
         <input_file_ref idref="fl-1d"/>
      </object_component>
      <object_component id="oc-88">
         <name>.debug_line</name>
         <load_address>0xbeb</load_address>
         <run_address>0xbeb</run_address>
         <size>0x3c</size>
         <input_file_ref idref="fl-1e"/>
      </object_component>
      <object_component id="oc-8e">
         <name>.debug_line</name>
         <load_address>0xc27</load_address>
         <run_address>0xc27</run_address>
         <size>0x1b0</size>
         <input_file_ref idref="fl-1f"/>
      </object_component>
      <object_component id="oc-92">
         <name>.debug_line</name>
         <load_address>0xdd7</load_address>
         <run_address>0xdd7</run_address>
         <size>0x40</size>
         <input_file_ref idref="fl-20"/>
      </object_component>
      <object_component id="oc-96">
         <name>.debug_line</name>
         <load_address>0xe17</load_address>
         <run_address>0xe17</run_address>
         <size>0x3a</size>
         <input_file_ref idref="fl-21"/>
      </object_component>
      <object_component id="oc-9a">
         <name>.debug_line</name>
         <load_address>0xe51</load_address>
         <run_address>0xe51</run_address>
         <size>0x54</size>
         <input_file_ref idref="fl-22"/>
      </object_component>
      <object_component id="oc-9e">
         <name>.debug_line</name>
         <load_address>0xea5</load_address>
         <run_address>0xea5</run_address>
         <size>0x3c</size>
         <input_file_ref idref="fl-23"/>
      </object_component>
      <object_component id="oc-a2">
         <name>.debug_line</name>
         <load_address>0xee1</load_address>
         <run_address>0xee1</run_address>
         <size>0x37</size>
         <input_file_ref idref="fl-24"/>
      </object_component>
      <object_component id="oc-a6">
         <name>.debug_line</name>
         <load_address>0xf18</load_address>
         <run_address>0xf18</run_address>
         <size>0x3c</size>
         <input_file_ref idref="fl-25"/>
      </object_component>
      <object_component id="oc-aa">
         <name>.debug_line</name>
         <load_address>0xf54</load_address>
         <run_address>0xf54</run_address>
         <size>0x44</size>
         <input_file_ref idref="fl-26"/>
      </object_component>
      <object_component id="oc-ae">
         <name>.debug_line</name>
         <load_address>0xf98</load_address>
         <run_address>0xf98</run_address>
         <size>0x37</size>
         <input_file_ref idref="fl-27"/>
      </object_component>
      <object_component id="oc-b3">
         <name>.debug_line</name>
         <load_address>0xfcf</load_address>
         <run_address>0xfcf</run_address>
         <size>0x15e</size>
         <input_file_ref idref="fl-28"/>
      </object_component>
      <object_component id="oc-b9">
         <name>.debug_line</name>
         <load_address>0x112d</load_address>
         <run_address>0x112d</run_address>
         <size>0x6a</size>
         <input_file_ref idref="fl-29"/>
      </object_component>
      <object_component id="oc-bd">
         <name>.debug_line</name>
         <load_address>0x1197</load_address>
         <run_address>0x1197</run_address>
         <size>0x58</size>
         <input_file_ref idref="fl-2a"/>
      </object_component>
      <object_component id="oc-c1">
         <name>.debug_line</name>
         <load_address>0x11ef</load_address>
         <run_address>0x11ef</run_address>
         <size>0x57</size>
         <input_file_ref idref="fl-2b"/>
      </object_component>
      <object_component id="oc-c5">
         <name>.debug_line</name>
         <load_address>0x1246</load_address>
         <run_address>0x1246</run_address>
         <size>0x5c</size>
         <input_file_ref idref="fl-2c"/>
      </object_component>
      <object_component id="oc-c9">
         <name>.debug_line</name>
         <load_address>0x12a2</load_address>
         <run_address>0x12a2</run_address>
         <size>0x3c</size>
         <input_file_ref idref="fl-2d"/>
      </object_component>
      <object_component id="oc-cd">
         <name>.debug_line</name>
         <load_address>0x12de</load_address>
         <run_address>0x12de</run_address>
         <size>0x5b</size>
         <input_file_ref idref="fl-2e"/>
      </object_component>
      <object_component id="oc-d1">
         <name>.debug_line</name>
         <load_address>0x1339</load_address>
         <run_address>0x1339</run_address>
         <size>0x3a</size>
         <input_file_ref idref="fl-2f"/>
      </object_component>
      <object_component id="oc-d5">
         <name>.debug_line</name>
         <load_address>0x1373</load_address>
         <run_address>0x1373</run_address>
         <size>0x3c</size>
         <input_file_ref idref="fl-30"/>
      </object_component>
      <object_component id="oc-d9">
         <name>.debug_line</name>
         <load_address>0x13af</load_address>
         <run_address>0x13af</run_address>
         <size>0x40</size>
         <input_file_ref idref="fl-31"/>
      </object_component>
      <object_component id="oc-df">
         <name>.debug_line</name>
         <load_address>0x13ef</load_address>
         <run_address>0x13ef</run_address>
         <size>0xd7</size>
         <input_file_ref idref="fl-32"/>
      </object_component>
      <object_component id="oc-e6">
         <name>.debug_line</name>
         <load_address>0x14c6</load_address>
         <run_address>0x14c6</run_address>
         <size>0x112</size>
         <input_file_ref idref="fl-33"/>
      </object_component>
      <object_component id="oc-ea">
         <name>.debug_line</name>
         <load_address>0x15d8</load_address>
         <run_address>0x15d8</run_address>
         <size>0x3d</size>
         <input_file_ref idref="fl-34"/>
      </object_component>
      <object_component id="oc-ee">
         <name>.debug_line</name>
         <load_address>0x1615</load_address>
         <run_address>0x1615</run_address>
         <size>0x39</size>
         <input_file_ref idref="fl-35"/>
      </object_component>
      <object_component id="oc-20">
         <name>.debug_abbrev</name>
         <load_address>0x0</load_address>
         <run_address>0x0</run_address>
         <size>0xf4</size>
         <input_file_ref idref="fl-2"/>
      </object_component>
      <object_component id="oc-26">
         <name>.debug_abbrev</name>
         <load_address>0xf4</load_address>
         <run_address>0xf4</run_address>
         <size>0x10d</size>
         <input_file_ref idref="fl-3"/>
      </object_component>
      <object_component id="oc-2a">
         <name>.debug_abbrev</name>
         <load_address>0x201</load_address>
         <run_address>0x201</run_address>
         <size>0x3a</size>
         <input_file_ref idref="fl-8"/>
      </object_component>
      <object_component id="oc-31">
         <name>.debug_abbrev</name>
         <load_address>0x23b</load_address>
         <run_address>0x23b</run_address>
         <size>0xf7</size>
         <input_file_ref idref="fl-9"/>
      </object_component>
      <object_component id="oc-35">
         <name>.debug_abbrev</name>
         <load_address>0x332</load_address>
         <run_address>0x332</run_address>
         <size>0x145</size>
         <input_file_ref idref="fl-a"/>
      </object_component>
      <object_component id="oc-39">
         <name>.debug_abbrev</name>
         <load_address>0x477</load_address>
         <run_address>0x477</run_address>
         <size>0x26</size>
         <input_file_ref idref="fl-b"/>
      </object_component>
      <object_component id="oc-3f">
         <name>.debug_abbrev</name>
         <load_address>0x49d</load_address>
         <run_address>0x49d</run_address>
         <size>0x9f</size>
         <input_file_ref idref="fl-c"/>
      </object_component>
      <object_component id="oc-45">
         <name>.debug_abbrev</name>
         <load_address>0x53c</load_address>
         <run_address>0x53c</run_address>
         <size>0x1f8</size>
         <input_file_ref idref="fl-d"/>
      </object_component>
      <object_component id="oc-49">
         <name>.debug_abbrev</name>
         <load_address>0x734</load_address>
         <run_address>0x734</run_address>
         <size>0xec</size>
         <input_file_ref idref="fl-e"/>
      </object_component>
      <object_component id="oc-4d">
         <name>.debug_abbrev</name>
         <load_address>0x820</load_address>
         <run_address>0x820</run_address>
         <size>0xd5</size>
         <input_file_ref idref="fl-f"/>
      </object_component>
      <object_component id="oc-51">
         <name>.debug_abbrev</name>
         <load_address>0x8f5</load_address>
         <run_address>0x8f5</run_address>
         <size>0x44</size>
         <input_file_ref idref="fl-10"/>
      </object_component>
      <object_component id="oc-55">
         <name>.debug_abbrev</name>
         <load_address>0x939</load_address>
         <run_address>0x939</run_address>
         <size>0xb7</size>
         <input_file_ref idref="fl-11"/>
      </object_component>
      <object_component id="oc-57">
         <name>.debug_abbrev</name>
         <load_address>0x9f0</load_address>
         <run_address>0x9f0</run_address>
         <size>0x68</size>
         <input_file_ref idref="fl-12"/>
      </object_component>
      <object_component id="oc-5b">
         <name>.debug_abbrev</name>
         <load_address>0xa58</load_address>
         <run_address>0xa58</run_address>
         <size>0x83</size>
         <input_file_ref idref="fl-13"/>
      </object_component>
      <object_component id="oc-5f">
         <name>.debug_abbrev</name>
         <load_address>0xadb</load_address>
         <run_address>0xadb</run_address>
         <size>0x112</size>
         <input_file_ref idref="fl-14"/>
      </object_component>
      <object_component id="oc-63">
         <name>.debug_abbrev</name>
         <load_address>0xbed</load_address>
         <run_address>0xbed</run_address>
         <size>0xb5</size>
         <input_file_ref idref="fl-15"/>
      </object_component>
      <object_component id="oc-67">
         <name>.debug_abbrev</name>
         <load_address>0xca2</load_address>
         <run_address>0xca2</run_address>
         <size>0x8f</size>
         <input_file_ref idref="fl-16"/>
      </object_component>
      <object_component id="oc-6b">
         <name>.debug_abbrev</name>
         <load_address>0xd31</load_address>
         <run_address>0xd31</run_address>
         <size>0xb7</size>
         <input_file_ref idref="fl-17"/>
      </object_component>
      <object_component id="oc-70">
         <name>.debug_abbrev</name>
         <load_address>0xde8</load_address>
         <run_address>0xde8</run_address>
         <size>0xc2</size>
         <input_file_ref idref="fl-18"/>
      </object_component>
      <object_component id="oc-74">
         <name>.debug_abbrev</name>
         <load_address>0xeaa</load_address>
         <run_address>0xeaa</run_address>
         <size>0x103</size>
         <input_file_ref idref="fl-19"/>
      </object_component>
      <object_component id="oc-79">
         <name>.debug_abbrev</name>
         <load_address>0xfad</load_address>
         <run_address>0xfad</run_address>
         <size>0x140</size>
         <input_file_ref idref="fl-1a"/>
      </object_component>
      <object_component id="oc-7d">
         <name>.debug_abbrev</name>
         <load_address>0x10ed</load_address>
         <run_address>0x10ed</run_address>
         <size>0x9a</size>
         <input_file_ref idref="fl-1b"/>
      </object_component>
      <object_component id="oc-81">
         <name>.debug_abbrev</name>
         <load_address>0x1187</load_address>
         <run_address>0x1187</run_address>
         <size>0xd0</size>
         <input_file_ref idref="fl-1c"/>
      </object_component>
      <object_component id="oc-85">
         <name>.debug_abbrev</name>
         <load_address>0x1257</load_address>
         <run_address>0x1257</run_address>
         <size>0xb7</size>
         <input_file_ref idref="fl-1d"/>
      </object_component>
      <object_component id="oc-89">
         <name>.debug_abbrev</name>
         <load_address>0x130e</load_address>
         <run_address>0x130e</run_address>
         <size>0x38</size>
         <input_file_ref idref="fl-1e"/>
      </object_component>
      <object_component id="oc-8f">
         <name>.debug_abbrev</name>
         <load_address>0x1346</load_address>
         <run_address>0x1346</run_address>
         <size>0x225</size>
         <input_file_ref idref="fl-1f"/>
      </object_component>
      <object_component id="oc-93">
         <name>.debug_abbrev</name>
         <load_address>0x156b</load_address>
         <run_address>0x156b</run_address>
         <size>0xec</size>
         <input_file_ref idref="fl-20"/>
      </object_component>
      <object_component id="oc-97">
         <name>.debug_abbrev</name>
         <load_address>0x1657</load_address>
         <run_address>0x1657</run_address>
         <size>0xb7</size>
         <input_file_ref idref="fl-21"/>
      </object_component>
      <object_component id="oc-9b">
         <name>.debug_abbrev</name>
         <load_address>0x170e</load_address>
         <run_address>0x170e</run_address>
         <size>0x38</size>
         <input_file_ref idref="fl-22"/>
      </object_component>
      <object_component id="oc-9f">
         <name>.debug_abbrev</name>
         <load_address>0x1746</load_address>
         <run_address>0x1746</run_address>
         <size>0xdc</size>
         <input_file_ref idref="fl-23"/>
      </object_component>
      <object_component id="oc-a3">
         <name>.debug_abbrev</name>
         <load_address>0x1822</load_address>
         <run_address>0x1822</run_address>
         <size>0x81</size>
         <input_file_ref idref="fl-24"/>
      </object_component>
      <object_component id="oc-a7">
         <name>.debug_abbrev</name>
         <load_address>0x18a3</load_address>
         <run_address>0x18a3</run_address>
         <size>0xa6</size>
         <input_file_ref idref="fl-25"/>
      </object_component>
      <object_component id="oc-ab">
         <name>.debug_abbrev</name>
         <load_address>0x1949</load_address>
         <run_address>0x1949</run_address>
         <size>0xb5</size>
         <input_file_ref idref="fl-26"/>
      </object_component>
      <object_component id="oc-af">
         <name>.debug_abbrev</name>
         <load_address>0x19fe</load_address>
         <run_address>0x19fe</run_address>
         <size>0x8f</size>
         <input_file_ref idref="fl-27"/>
      </object_component>
      <object_component id="oc-b4">
         <name>.debug_abbrev</name>
         <load_address>0x1a8d</load_address>
         <run_address>0x1a8d</run_address>
         <size>0x15a</size>
         <input_file_ref idref="fl-28"/>
      </object_component>
      <object_component id="oc-ba">
         <name>.debug_abbrev</name>
         <load_address>0x1be7</load_address>
         <run_address>0x1be7</run_address>
         <size>0xde</size>
         <input_file_ref idref="fl-29"/>
      </object_component>
      <object_component id="oc-be">
         <name>.debug_abbrev</name>
         <load_address>0x1cc5</load_address>
         <run_address>0x1cc5</run_address>
         <size>0x38</size>
         <input_file_ref idref="fl-2a"/>
      </object_component>
      <object_component id="oc-c2">
         <name>.debug_abbrev</name>
         <load_address>0x1cfd</load_address>
         <run_address>0x1cfd</run_address>
         <size>0xd1</size>
         <input_file_ref idref="fl-2b"/>
      </object_component>
      <object_component id="oc-c6">
         <name>.debug_abbrev</name>
         <load_address>0x1dce</load_address>
         <run_address>0x1dce</run_address>
         <size>0xd4</size>
         <input_file_ref idref="fl-2c"/>
      </object_component>
      <object_component id="oc-ca">
         <name>.debug_abbrev</name>
         <load_address>0x1ea2</load_address>
         <run_address>0x1ea2</run_address>
         <size>0xa6</size>
         <input_file_ref idref="fl-2d"/>
      </object_component>
      <object_component id="oc-ce">
         <name>.debug_abbrev</name>
         <load_address>0x1f48</load_address>
         <run_address>0x1f48</run_address>
         <size>0x136</size>
         <input_file_ref idref="fl-2e"/>
      </object_component>
      <object_component id="oc-d2">
         <name>.debug_abbrev</name>
         <load_address>0x207e</load_address>
         <run_address>0x207e</run_address>
         <size>0x81</size>
         <input_file_ref idref="fl-2f"/>
      </object_component>
      <object_component id="oc-d6">
         <name>.debug_abbrev</name>
         <load_address>0x20ff</load_address>
         <run_address>0x20ff</run_address>
         <size>0xd1</size>
         <input_file_ref idref="fl-30"/>
      </object_component>
      <object_component id="oc-da">
         <name>.debug_abbrev</name>
         <load_address>0x21d0</load_address>
         <run_address>0x21d0</run_address>
         <size>0x10b</size>
         <input_file_ref idref="fl-31"/>
      </object_component>
      <object_component id="oc-e0">
         <name>.debug_abbrev</name>
         <load_address>0x22db</load_address>
         <run_address>0x22db</run_address>
         <size>0x1a2</size>
         <input_file_ref idref="fl-32"/>
      </object_component>
      <object_component id="oc-e7">
         <name>.debug_abbrev</name>
         <load_address>0x247d</load_address>
         <run_address>0x247d</run_address>
         <size>0x1de</size>
         <input_file_ref idref="fl-33"/>
      </object_component>
      <object_component id="oc-eb">
         <name>.debug_abbrev</name>
         <load_address>0x265b</load_address>
         <run_address>0x265b</run_address>
         <size>0x118</size>
         <input_file_ref idref="fl-34"/>
      </object_component>
      <object_component id="oc-ef">
         <name>.debug_abbrev</name>
         <load_address>0x2773</load_address>
         <run_address>0x2773</run_address>
         <size>0xbf</size>
         <input_file_ref idref="fl-35"/>
      </object_component>
      <object_component id="oc-118">
         <name>.debug_abbrev</name>
         <load_address>0x2832</load_address>
         <run_address>0x2832</run_address>
         <size>0xd</size>
      </object_component>
   </object_component_list>
   <logical_group_list>
      <logical_group id="lg-2">
         <name>vectors</name>
         <load_address>0x4fe00</load_address>
         <run_address>0x4fe00</run_address>
         <size>0x100</size>
         <contents>
            <object_component_ref idref="oc-1b"/>
         </contents>
      </logical_group>
      <logical_group id="lg-3">
         <name>.cinit</name>
         <load_address>0x3670</load_address>
         <run_address>0x3670</run_address>
         <size>0xe8</size>
         <contents>
            <object_component_ref idref="oc-8d"/>
            <object_component_ref idref="oc-5a"/>
            <object_component_ref idref="oc-3d"/>
            <object_component_ref idref="oc-2e"/>
            <object_component_ref idref="oc-de"/>
            <object_component_ref idref="oc-e4"/>
         </contents>
      </logical_group>
      <logical_group id="lg-4">
         <name>.text</name>
         <load_address>0x0</load_address>
         <run_address>0x0</run_address>
         <size>0x46e0</size>
         <contents>
            <object_component_ref idref="oc-1a"/>
            <object_component_ref idref="oc-1c"/>
            <object_component_ref idref="oc-21"/>
            <object_component_ref idref="oc-2b"/>
            <object_component_ref idref="oc-2f"/>
            <object_component_ref idref="oc-32"/>
            <object_component_ref idref="oc-36"/>
            <object_component_ref idref="oc-3a"/>
            <object_component_ref idref="oc-40"/>
            <object_component_ref idref="oc-46"/>
            <object_component_ref idref="oc-4a"/>
            <object_component_ref idref="oc-4e"/>
            <object_component_ref idref="oc-52"/>
            <object_component_ref idref="oc-5c"/>
            <object_component_ref idref="oc-60"/>
            <object_component_ref idref="oc-64"/>
            <object_component_ref idref="oc-68"/>
            <object_component_ref idref="oc-6c"/>
            <object_component_ref idref="oc-71"/>
            <object_component_ref idref="oc-75"/>
            <object_component_ref idref="oc-7a"/>
            <object_component_ref idref="oc-7e"/>
            <object_component_ref idref="oc-82"/>
            <object_component_ref idref="oc-86"/>
            <object_component_ref idref="oc-8a"/>
            <object_component_ref idref="oc-90"/>
            <object_component_ref idref="oc-94"/>
            <object_component_ref idref="oc-98"/>
            <object_component_ref idref="oc-9c"/>
            <object_component_ref idref="oc-a0"/>
            <object_component_ref idref="oc-a4"/>
            <object_component_ref idref="oc-a8"/>
            <object_component_ref idref="oc-ac"/>
            <object_component_ref idref="oc-b0"/>
            <object_component_ref idref="oc-b5"/>
            <object_component_ref idref="oc-b8"/>
            <object_component_ref idref="oc-bb"/>
            <object_component_ref idref="oc-bf"/>
            <object_component_ref idref="oc-c3"/>
            <object_component_ref idref="oc-c7"/>
            <object_component_ref idref="oc-cb"/>
            <object_component_ref idref="oc-cf"/>
            <object_component_ref idref="oc-d3"/>
            <object_component_ref idref="oc-d7"/>
            <object_component_ref idref="oc-db"/>
            <object_component_ref idref="oc-e1"/>
            <object_component_ref idref="oc-e8"/>
            <object_component_ref idref="oc-ec"/>
         </contents>
      </logical_group>
      <logical_group id="lg-5">
         <name>.stack</name>
         <run_address>0xc0</run_address>
         <size>0x2000</size>
         <contents>
            <object_component_ref idref="oc-27"/>
            <object_component_ref idref="oc-114"/>
         </contents>
      </logical_group>
      <logical_group id="lg-6">
         <name>.sysstack</name>
         <run_address>0x20c0</run_address>
         <size>0x1000</size>
         <contents>
            <object_component_ref idref="oc-f0"/>
            <object_component_ref idref="oc-116"/>
         </contents>
      </logical_group>
      <logical_group id="lg-7">
         <name>.sysmem</name>
         <run_address>0x8000</run_address>
         <size>0x2000</size>
         <contents>
            <object_component_ref idref="oc-e5"/>
            <object_component_ref idref="oc-115"/>
         </contents>
      </logical_group>
      <logical_group id="lg-8">
         <name>.data</name>
         <run_address>0x8000</run_address>
         <size>0x0</size>
         <contents>
         </contents>
      </logical_group>
      <logical_group id="lg-9">
         <name>.cio</name>
         <run_address>0x3430</run_address>
         <size>0x240</size>
         <contents>
            <object_component_ref idref="oc-b7"/>
         </contents>
      </logical_group>
      <logical_group id="lg-a">
         <name>.bss</name>
         <run_address>0xa000</run_address>
         <size>0x4d8</size>
         <contents>
            <object_component_ref idref="oc-2c"/>
            <object_component_ref idref="oc-3b"/>
            <object_component_ref idref="oc-58"/>
            <object_component_ref idref="oc-8b"/>
            <object_component_ref idref="oc-b1"/>
            <object_component_ref idref="oc-dc"/>
            <object_component_ref idref="oc-e2"/>
         </contents>
      </logical_group>
      <logical_group id="lg-b">
         <name>.const</name>
         <load_address>0x30c0</load_address>
         <run_address>0x30c0</run_address>
         <size>0x370</size>
         <contents>
            <object_component_ref idref="oc-f1"/>
            <object_component_ref idref="oc-23"/>
            <object_component_ref idref="oc-43"/>
            <object_component_ref idref="oc-42"/>
            <object_component_ref idref="oc-f2"/>
            <object_component_ref idref="oc-77"/>
            <object_component_ref idref="oc-6e"/>
         </contents>
      </logical_group>
      <logical_group id="lg-c">
         <name>.text</name>
         <run_address>0x0</run_address>
         <size>0x0</size>
         <contents>
         </contents>
      </logical_group>
      <logical_group id="lg-d">
         <name>.stack</name>
         <run_address>0x0</run_address>
         <size>0x0</size>
         <contents>
         </contents>
      </logical_group>
      <logical_group id="lg-e">
         <name>.sysstack</name>
         <run_address>0x0</run_address>
         <size>0x0</size>
         <contents>
         </contents>
      </logical_group>
      <logical_group id="lg-f">
         <name>.data</name>
         <run_address>0x0</run_address>
         <size>0x0</size>
         <contents>
         </contents>
      </logical_group>
      <logical_group id="lg-10">
         <name>.bss</name>
         <run_address>0x0</run_address>
         <size>0x0</size>
         <contents>
         </contents>
      </logical_group>
      <logical_group id="lg-11">
         <name>.const</name>
         <run_address>0x0</run_address>
         <size>0x0</size>
         <contents>
         </contents>
      </logical_group>
      <logical_group id="lg-12">
         <name>.sysmem</name>
         <run_address>0x0</run_address>
         <size>0x0</size>
         <contents>
         </contents>
      </logical_group>
      <logical_group id="lg-13">
         <name>.switch</name>
         <run_address>0x0</run_address>
         <size>0x0</size>
         <contents>
         </contents>
      </logical_group>
      <logical_group id="lg-14">
         <name>.cinit</name>
         <run_address>0x0</run_address>
         <size>0x0</size>
         <contents>
         </contents>
      </logical_group>
      <logical_group id="lg-15">
         <name>.pinit</name>
         <run_address>0x0</run_address>
         <size>0x0</size>
         <contents>
         </contents>
      </logical_group>
      <logical_group id="lg-16">
         <name>.cio</name>
         <run_address>0x0</run_address>
         <size>0x0</size>
         <contents>
         </contents>
      </logical_group>
      <logical_group id="lg-17">
         <name>.args</name>
         <run_address>0x0</run_address>
         <size>0x0</size>
         <contents>
         </contents>
      </logical_group>
      <logical_group id="lg-18">
         <name>vectors</name>
         <run_address>0x0</run_address>
         <size>0x0</size>
         <contents>
         </contents>
      </logical_group>
      <logical_group id="lg-19">
         <name>.ioport</name>
         <run_address>0x0</run_address>
         <size>0x0</size>
         <contents>
         </contents>
      </logical_group>
      <logical_group id="lg-10b">
         <name>.debug_info</name>
         <load_address>0x0</load_address>
         <run_address>0x0</run_address>
         <size>0x15158</size>
         <contents>
            <object_component_ref idref="oc-1d"/>
            <object_component_ref idref="oc-22"/>
            <object_component_ref idref="oc-28"/>
            <object_component_ref idref="oc-2d"/>
            <object_component_ref idref="oc-33"/>
            <object_component_ref idref="oc-37"/>
            <object_component_ref idref="oc-3c"/>
            <object_component_ref idref="oc-41"/>
            <object_component_ref idref="oc-47"/>
            <object_component_ref idref="oc-4b"/>
            <object_component_ref idref="oc-4f"/>
            <object_component_ref idref="oc-53"/>
            <object_component_ref idref="oc-56"/>
            <object_component_ref idref="oc-59"/>
            <object_component_ref idref="oc-5d"/>
            <object_component_ref idref="oc-61"/>
            <object_component_ref idref="oc-65"/>
            <object_component_ref idref="oc-69"/>
            <object_component_ref idref="oc-6d"/>
            <object_component_ref idref="oc-72"/>
            <object_component_ref idref="oc-76"/>
            <object_component_ref idref="oc-7b"/>
            <object_component_ref idref="oc-7f"/>
            <object_component_ref idref="oc-83"/>
            <object_component_ref idref="oc-87"/>
            <object_component_ref idref="oc-8c"/>
            <object_component_ref idref="oc-91"/>
            <object_component_ref idref="oc-95"/>
            <object_component_ref idref="oc-99"/>
            <object_component_ref idref="oc-9d"/>
            <object_component_ref idref="oc-a1"/>
            <object_component_ref idref="oc-a5"/>
            <object_component_ref idref="oc-a9"/>
            <object_component_ref idref="oc-ad"/>
            <object_component_ref idref="oc-b2"/>
            <object_component_ref idref="oc-b6"/>
            <object_component_ref idref="oc-bc"/>
            <object_component_ref idref="oc-c0"/>
            <object_component_ref idref="oc-c4"/>
            <object_component_ref idref="oc-c8"/>
            <object_component_ref idref="oc-cc"/>
            <object_component_ref idref="oc-d0"/>
            <object_component_ref idref="oc-d4"/>
            <object_component_ref idref="oc-d8"/>
            <object_component_ref idref="oc-dd"/>
            <object_component_ref idref="oc-e3"/>
            <object_component_ref idref="oc-e9"/>
            <object_component_ref idref="oc-ed"/>
            <object_component_ref idref="oc-117"/>
         </contents>
      </logical_group>
      <logical_group id="lg-10d">
         <name>.debug_frame</name>
         <load_address>0x0</load_address>
         <run_address>0x0</run_address>
         <size>0x239</size>
         <contents>
            <object_component_ref idref="oc-1e"/>
            <object_component_ref idref="oc-24"/>
         </contents>
      </logical_group>
      <logical_group id="lg-10f">
         <name>.debug_line</name>
         <load_address>0x0</load_address>
         <run_address>0x0</run_address>
         <size>0x164e</size>
         <contents>
            <object_component_ref idref="oc-1f"/>
            <object_component_ref idref="oc-25"/>
            <object_component_ref idref="oc-29"/>
            <object_component_ref idref="oc-30"/>
            <object_component_ref idref="oc-34"/>
            <object_component_ref idref="oc-38"/>
            <object_component_ref idref="oc-3e"/>
            <object_component_ref idref="oc-44"/>
            <object_component_ref idref="oc-48"/>
            <object_component_ref idref="oc-4c"/>
            <object_component_ref idref="oc-50"/>
            <object_component_ref idref="oc-54"/>
            <object_component_ref idref="oc-5e"/>
            <object_component_ref idref="oc-62"/>
            <object_component_ref idref="oc-66"/>
            <object_component_ref idref="oc-6a"/>
            <object_component_ref idref="oc-6f"/>
            <object_component_ref idref="oc-73"/>
            <object_component_ref idref="oc-78"/>
            <object_component_ref idref="oc-7c"/>
            <object_component_ref idref="oc-80"/>
            <object_component_ref idref="oc-84"/>
            <object_component_ref idref="oc-88"/>
            <object_component_ref idref="oc-8e"/>
            <object_component_ref idref="oc-92"/>
            <object_component_ref idref="oc-96"/>
            <object_component_ref idref="oc-9a"/>
            <object_component_ref idref="oc-9e"/>
            <object_component_ref idref="oc-a2"/>
            <object_component_ref idref="oc-a6"/>
            <object_component_ref idref="oc-aa"/>
            <object_component_ref idref="oc-ae"/>
            <object_component_ref idref="oc-b3"/>
            <object_component_ref idref="oc-b9"/>
[...]
         <name>binit</name>
         <value>0xffffffff</value>
      </symbol>
      <symbol id="sm-8">
         <name>___binit__</name>
         <value>0xffffffff</value>
      </symbol>
      <symbol id="sm-9">
         <name>__STACK_SIZE</name>
         <value>0x2000</value>
      </symbol>
      <symbol id="sm-a">
         <name>__STACK_END</name>
         <value>0x20c0</value>
      </symbol>
      <symbol id="sm-b">
         <name>__SYSMEM_SIZE</name>
         <value>0x2000</value>
      </symbol>
      <symbol id="sm-c">
         <name>___c_args__</name>
         <value>0xffffffff</value>
      </symbol>
      <symbol id="sm-d">
         <name>__SYSSTACK_SIZE</name>
         <value>0x1000</value>
      </symbol>
      <symbol id="sm-e">
         <name>.text</name>
         <value>0x0</value>
      </symbol>
      <symbol id="sm-f">
         <name>___text__</name>
         <value>0x0</value>
      </symbol>
      <symbol id="sm-10">
         <name>etext</name>
         <value>0x46e0</value>
      </symbol>
      <symbol id="sm-11">
         <name>___etext__</name>
         <value>0x46e0</value>
      </symbol>
      <symbol id="sm-12">
         <name>.data</name>
         <value>0x8000</value>
      </symbol>
      <symbol id="sm-13">
         <name>___data__</name>
         <value>0x8000</value>
      </symbol>
      <symbol id="sm-14">
         <name>edata</name>
         <value>0x8000</value>
      </symbol>
      <symbol id="sm-15">
         <name>___edata__</name>
         <value>0x8000</value>
      </symbol>
      <symbol id="sm-16">
         <name>.bss</name>
         <value>0xa000</value>
      </symbol>
      <symbol id="sm-17">
         <name>___bss__</name>
         <value>0xa000</value>
      </symbol>
      <symbol id="sm-18">
         <name>end</name>
         <value>0xa4d8</value>
      </symbol>
      <symbol id="sm-19">
         <name>___end__</name>
         <value>0xa4d8</value>
      </symbol>
      <symbol id="sm-87">
         <name>_OSD9616_multiSend</name>
         <value>0x1553</value>
         <object_component_ref idref="oc-1c"/>
      </symbol>
      <symbol id="sm-88">
         <name>_oled_test</name>
         <value>0x15dc</value>
         <object_component_ref idref="oc-1c"/>
      </symbol>
      <symbol id="sm-89">
         <name>_OSD9616_send</name>
         <value>0x1533</value>
         <object_component_ref idref="oc-1c"/>
      </symbol>
      <symbol id="sm-8a">
         <name>_printLetter</name>
         <value>0x159f</value>
         <object_component_ref idref="oc-1c"/>
      </symbol>
      <symbol id="sm-8b">
         <name>_USBSTK5515_GPIO_setOutput</name>
         <value>0x0</value>
      </symbol>
      <symbol id="sm-8c">
         <name>_USBSTK5515_I2C_write</name>
         <value>0x0</value>
      </symbol>
      <symbol id="sm-8d">
         <name>_USBSTK5515_GPIO_setDirection</name>
         <value>0x0</value>
      </symbol>
      <symbol id="sm-8e">
         <name>_USBSTK5515_I2C_init</name>
         <value>0x0</value>
      </symbol>
      <symbol id="sm-a7">
         <name>_main</name>
         <value>0x3f31</value>
         <object_component_ref idref="oc-21"/>
      </symbol>
      <symbol id="sm-a8">
         <name>_TEST_execute</name>
         <value>0x3ee0</value>
         <object_component_ref idref="oc-21"/>
      </symbol>
      <symbol id="sm-a9">
         <name>_USBSTK5515_init</name>
         <value>0x0</value>
      </symbol>
      <symbol id="sm-b5">
         <name>__sysstack</name>
         <value>0x20c0</value>
         <object_component_ref idref="oc-f0"/>
      </symbol>
      <symbol id="sm-b6">
         <name>_c_int00</name>
         <value>0x45c0</value>
         <object_component_ref idref="oc-1a"/>
      </symbol>
      <symbol id="sm-b7">
         <name>__stack</name>
         <value>0xc0</value>
         <object_component_ref idref="oc-27"/>
      </symbol>
      <symbol id="sm-c7">
         <name>C$$EXIT</name>
         <value>0x46d8</value>
         <object_component_ref idref="oc-2f"/>
      </symbol>
      <symbol id="sm-c8">
         <name>_exit</name>
         <value>0x4582</value>
         <object_component_ref idref="oc-2b"/>
      </symbol>
      <symbol id="sm-c9">
         <name>_abort</name>
         <value>0x46d7</value>
         <object_component_ref idref="oc-2f"/>
      </symbol>
      <symbol id="sm-ca">
         <name>__cleanup_ptr</name>
         <value>0xa4d0</value>
         <object_component_ref idref="oc-2c"/>
      </symbol>
      <symbol id="sm-cb">
         <name>__dtors_ptr</name>
         <value>0xa4d4</value>
         <object_component_ref idref="oc-2c"/>
      </symbol>
      <symbol id="sm-d5">
         <name>_printf</name>
         <value>0x440b</value>
         <object_component_ref idref="oc-32"/>
      </symbol>
      <symbol id="sm-df">
         <name>_Reset</name>
         <value>0x4fe00</value>
         <object_component_ref idref="oc-1b"/>
      </symbol>
      <symbol id="sm-ed">
         <name>__unlock</name>
         <value>0xa4cc</value>
         <object_component_ref idref="oc-3b"/>
      </symbol>
      <symbol id="sm-ee">
         <name>__lock</name>
         <value>0xa4c8</value>
         <object_component_ref idref="oc-3b"/>
      </symbol>
      <symbol id="sm-ef">
         <name>__register_lock</name>
         <value>0x46b3</value>
         <object_component_ref idref="oc-3a"/>
      </symbol>
      <symbol id="sm-f0">
         <name>__nop</name>
         <value>0x46bb</value>
         <object_component_ref idref="oc-3a"/>
      </symbol>
      <symbol id="sm-f1">
         <name>__register_unlock</name>
         <value>0x46ab</value>
         <object_component_ref idref="oc-3a"/>
      </symbol>
      <symbol id="sm-103">
         <name>__printfi</name>
         <value>0x1315</value>
         <object_component_ref idref="oc-40"/>
      </symbol>
      <symbol id="sm-10d">
         <name>__args_main</name>
         <value>0x44f1</value>
         <object_component_ref idref="oc-46"/>
      </symbol>
      <symbol id="sm-10e">
         <name>__TI_args_main</name>
         <value>0x1</value>
      </symbol>
      <symbol id="sm-118">
         <name>_atoi</name>
         <value>0x435c</value>
         <object_component_ref idref="oc-4a"/>
      </symbol>
      <symbol id="sm-120">
         <name>_auto_init</name>
         <value>0x4459</value>
         <object_component_ref idref="oc-4e"/>
      </symbol>
      <symbol id="sm-12a">
         <name>__eqld</name>
         <value>0x3707</value>
         <object_component_ref idref="oc-52"/>
      </symbol>
      <symbol id="sm-12b">
         <name>__cmpd</name>
         <value>0x373b</value>
         <object_component_ref idref="oc-52"/>
      </symbol>
      <symbol id="sm-12c">
         <name>__neqd</name>
         <value>0x35a9</value>
         <object_component_ref idref="oc-52"/>
      </symbol>
      <symbol id="sm-12d">
         <name>__gtrd</name>
         <value>0x3672</value>
         <object_component_ref idref="oc-52"/>
      </symbol>
      <symbol id="sm-12e">
         <name>__geqd</name>
         <value>0x36bd</value>
         <object_component_ref idref="oc-52"/>
      </symbol>
      <symbol id="sm-12f">
         <name>__leqd</name>
         <value>0x3625</value>
         <object_component_ref idref="oc-52"/>
      </symbol>
      <symbol id="sm-130">
         <name>__lssd</name>
         <value>0x35dd</value>
         <object_component_ref idref="oc-52"/>
      </symbol>
      <symbol id="sm-138">
         <name>__ctypes_</name>
         <value>0x30c0</value>
         <object_component_ref idref="oc-f1"/>
      </symbol>
      <symbol id="sm-142">
         <name>__tmpnams</name>
         <value>0xa0f0</value>
         <object_component_ref idref="oc-58"/>
      </symbol>
      <symbol id="sm-143">
         <name>__ft_end</name>
         <value>0xa230</value>
         <object_component_ref idref="oc-58"/>
      </symbol>
      <symbol id="sm-144">
         <name>__ftable</name>
         <value>0xa000</value>
         <object_component_ref idref="oc-58"/>
      </symbol>
      <symbol id="sm-150">
         <name>__divd</name>
         <value>0x2ac3</value>
         <object_component_ref idref="oc-5c"/>
      </symbol>
      <symbol id="sm-15b">
         <name>__divul</name>
         <value>0x3e40</value>
         <object_component_ref idref="oc-60"/>
      </symbol>
      <symbol id="sm-165">
         <name>__fixdi</name>
         <value>0x45f4</value>
         <object_component_ref idref="oc-64"/>
      </symbol>
      <symbol id="sm-16f">
         <name>__fixdli</name>
         <value>0x41b4</value>
         <object_component_ref idref="oc-68"/>
      </symbol>
      <symbol id="sm-17b">
         <name>__fltlid</name>
         <value>0x42f5</value>
         <object_component_ref idref="oc-6c"/>
      </symbol>
      <symbol id="sm-185">
         <name>_putchar</name>
         <value>0x3e31</value>
         <object_component_ref idref="oc-71"/>
      </symbol>
      <symbol id="sm-186">
         <name>_putc</name>
         <value>0x3d9e</value>
         <object_component_ref idref="oc-71"/>
      </symbol>
      <symbol id="sm-187">
         <name>_fputc</name>
         <value>0x3d9e</value>
         <object_component_ref idref="oc-71"/>
      </symbol>
      <symbol id="sm-193">
         <name>_puts</name>
         <value>0x38e2</value>
         <object_component_ref idref="oc-75"/>
      </symbol>
      <symbol id="sm-194">
         <name>_fputs</name>
         <value>0x3793</value>
         <object_component_ref idref="oc-75"/>
      </symbol>
      <symbol id="sm-19e">
         <name>__frcmpyd_div</name>
         <value>0x40d1</value>
         <object_component_ref idref="oc-7a"/>
      </symbol>
      <symbol id="sm-1a8">
         <name>___isinf</name>
         <value>0x466a</value>
         <object_component_ref idref="oc-7e"/>
      </symbol>
      <symbol id="sm-1b2">
         <name>__divull</name>
         <value>0x322a</value>
         <object_component_ref idref="oc-82"/>
      </symbol>
      <symbol id="sm-1b3">
         <name>__mpylli</name>
         <value>0x3173</value>
         <object_component_ref idref="oc-82"/>
      </symbol>
      <symbol id="sm-1b4">
         <name>__remlli</name>
         <value>0x3144</value>
         <object_component_ref idref="oc-82"/>
      </symbol>
      <symbol id="sm-1b5">
         <name>__divlli</name>
         <value>0x331e</value>
         <object_component_ref idref="oc-82"/>
      </symbol>
      <symbol id="sm-1b6">
         <name>__remull</name>
         <value>0x30f6</value>
         <object_component_ref idref="oc-82"/>
      </symbol>
      <symbol id="sm-1be">
         <name>__mpyli</name>
         <value>0x4698</value>
         <object_component_ref idref="oc-86"/>
      </symbol>
      <symbol id="sm-1bf">
         <name>I$$LMPY</name>
         <value>0x4698</value>
         <object_component_ref idref="oc-86"/>
      </symbol>
      <symbol id="sm-1d0">
         <name>_add_device</name>
         <value>0x29db</value>
         <object_component_ref idref="oc-8a"/>
      </symbol>
      <symbol id="sm-1d1">
         <name>_rename</name>
         <value>0x270c</value>
         <object_component_ref idref="oc-8a"/>
      </symbol>
      <symbol id="sm-1d2">
         <name>_read</name>
         <value>0x2797</value>
         <object_component_ref idref="oc-8a"/>
      </symbol>
      <symbol id="sm-1d3">
         <name>_unlink</name>
         <value>0x26d8</value>
         <object_component_ref idref="oc-8a"/>
      </symbol>
      <symbol id="sm-1d4">
         <name>_remove_device</name>
         <value>0x2763</value>
         <object_component_ref idref="oc-8a"/>
      </symbol>
      <symbol id="sm-1d5">
         <name>_open</name>
         <value>0x2841</value>
         <object_component_ref idref="oc-8a"/>
      </symbol>
      <symbol id="sm-1d6">
         <name>_find_registered_device</name>
         <value>0x2962</value>
         <object_component_ref idref="oc-8a"/>
      </symbol>
      <symbol id="sm-1d7">
         <name>_lseek</name>
         <value>0x28fe</value>
         <object_component_ref idref="oc-8a"/>
      </symbol>
      <symbol id="sm-1d8">
         <name>_close</name>
         <value>0x296b</value>
         <object_component_ref idref="oc-8a"/>
      </symbol>
      <symbol id="sm-1d9">
         <name>_write</name>
         <value>0x25ab</value>
         <object_component_ref idref="oc-8a"/>
      </symbol>
      <symbol id="sm-1e3">
         <name>_ltoa</name>
         <value>0x3f6c</value>
         <object_component_ref idref="oc-90"/>
      </symbol>
      <symbol id="sm-1ee">
         <name>_memccpy</name>
         <value>0x4648</value>
         <object_component_ref idref="oc-94"/>
      </symbol>
      <symbol id="sm-1f8">
         <name>_memcpy</name>
         <value>0x43b5</value>
         <object_component_ref idref="oc-98"/>
      </symbol>
      <symbol id="sm-202">
         <name>__mpyd</name>
         <value>0x390e</value>
         <object_component_ref idref="oc-9c"/>
      </symbol>
      <symbol id="sm-20c">
         <name>__negd</name>
         <value>0x46bd</value>
         <object_component_ref idref="oc-a0"/>
      </symbol>
      <symbol id="sm-216">
         <name>__remli</name>
         <value>0x44a6</value>
         <object_component_ref idref="oc-a4"/>
      </symbol>
      <symbol id="sm-221">
         <name>__remul</name>
         <value>0x4144</value>
         <object_component_ref idref="oc-a8"/>
      </symbol>
      <symbol id="sm-22b">
         <name>__subd</name>
         <value>0x4684</value>
         <object_component_ref idref="oc-ac"/>
      </symbol>
      <symbol id="sm-237">
         <name>_HOSTopen</name>
         <value>0x1e59</value>
         <object_component_ref idref="oc-b0"/>
      </symbol>
      <symbol id="sm-238">
         <name>_HOSTread</name>
         <value>0x1dce</value>
         <object_component_ref idref="oc-b0"/>
      </symbol>
      <symbol id="sm-239">
         <name>_HOSTtime</name>
         <value>0x1cb7</value>
         <object_component_ref idref="oc-b0"/>
      </symbol>
      <symbol id="sm-23a">
         <name>_getenv</name>
         <value>0x1b40</value>
         <object_component_ref idref="oc-b0"/>
      </symbol>
      <symbol id="sm-23b">
         <name>_HOSTrename</name>
         <value>0x1d15</value>
         <object_component_ref idref="oc-b0"/>
      </symbol>
      <symbol id="sm-23c">
         <name>_HOSTclock</name>
         <value>0x201a</value>
         <object_component_ref idref="oc-b0"/>
      </symbol>
      <symbol id="sm-23d">
         <name>_HOSTwrite</name>
         <value>0x1bc0</value>
         <object_component_ref idref="oc-b0"/>
      </symbol>
      <symbol id="sm-23e">
         <name>_HOSTlseek</name>
         <value>0x1efa</value>
         <object_component_ref idref="oc-b0"/>
      </symbol>
      <symbol id="sm-23f">
         <name>_HOSTunlink</name>
         <value>0x1c4b</value>
         <object_component_ref idref="oc-b0"/>
      </symbol>
      <symbol id="sm-240">
         <name>_HOSTclose</name>
         <value>0x1faf</value>
         <object_component_ref idref="oc-b0"/>
      </symbol>
      <symbol id="sm-252">
         <name>C$$IO$$</name>
         <value>0x3cdf</value>
         <object_component_ref idref="oc-b8"/>
      </symbol>
      <symbol id="sm-253">
         <name>__CIOBUF_</name>
         <value>0x3430</value>
         <object_component_ref idref="oc-b7"/>
      </symbol>
      <symbol id="sm-254">
         <name>_readmsg</name>
         <value>0x4222</value>
         <object_component_ref idref="oc-b5"/>
      </symbol>
      <symbol id="sm-255">
         <name>_writemsg</name>
         <value>0x3c26</value>
         <object_component_ref idref="oc-b8"/>
      </symbol>
      <symbol id="sm-25d">
         <name>__remu</name>
         <value>0x4633</value>
         <object_component_ref idref="oc-bb"/>
      </symbol>
      <symbol id="sm-25e">
         <name>__divu</name>
         <value>0x461e</value>
         <object_component_ref idref="oc-bb"/>
      </symbol>
      <symbol id="sm-25f">
         <name>I$$UMOD</name>
         <value>0x4633</value>
         <object_component_ref idref="oc-bb"/>
      </symbol>
      <symbol id="sm-260">
         <name>I$$UDIV</name>
         <value>0x461e</value>
         <object_component_ref idref="oc-bb"/>
      </symbol>
      <symbol id="sm-26a">
         <name>__rd_ok</name>
         <value>0x3bc9</value>
         <object_component_ref idref="oc-bf"/>
      </symbol>
      <symbol id="sm-26b">
         <name>__wrt_ok</name>
         <value>0x3b4c</value>
         <object_component_ref idref="oc-bf"/>
      </symbol>
      <symbol id="sm-275">
         <name>__addd</name>
         <value>0x3352</value>
         <object_component_ref idref="oc-c3"/>
      </symbol>
      <symbol id="sm-27f">
         <name>__divli</name>
         <value>0x453a</value>
         <object_component_ref idref="oc-c7"/>
      </symbol>
      <symbol id="sm-289">
         <name>__doflush</name>
         <value>0x3ce4</value>
         <object_component_ref idref="oc-cb"/>
      </symbol>
      <symbol id="sm-28a">
         <name>_fflush</name>
         <value>0x3d46</value>
         <object_component_ref idref="oc-cb"/>
      </symbol>
      <symbol id="sm-294">
         <name>__frcmpyd</name>
         <value>0x405b</value>
         <object_component_ref idref="oc-cf"/>
      </symbol>
      <symbol id="sm-29e">
         <name>_fseek</name>
         <value>0x428d</value>
         <object_component_ref idref="oc-d3"/>
      </symbol>
      <symbol id="sm-2a8">
         <name>_setvbuf</name>
         <value>0x3a59</value>
         <object_component_ref idref="oc-d7"/>
      </symbol>
      <symbol id="sm-2b7">
         <name>__cleanup</name>
         <value>0x2f9f</value>
         <object_component_ref idref="oc-db"/>
      </symbol>
      <symbol id="sm-2b8">
         <name>_fopen</name>
         <value>0x30bd</value>
         <object_component_ref idref="oc-db"/>
      </symbol>
      <symbol id="sm-2b9">
         <name>_freopen</name>
         <value>0x2ff7</value>
         <object_component_ref idref="oc-db"/>
      </symbol>
      <symbol id="sm-2c9">
         <name>__sys_memory</name>
         <value>0x8000</value>
         <object_component_ref idref="oc-e5"/>
      </symbol>
      <symbol id="sm-2ca">
         <name>_chkheap</name>
         <value>0x2557</value>
         <object_component_ref idref="oc-e1"/>
      </symbol>
      <symbol id="sm-2cb">
         <name>_realloc</name>
         <value>0x22bd</value>
         <object_component_ref idref="oc-e1"/>
      </symbol>
      <symbol id="sm-2cc">
         <name>_free_memory</name>
         <value>0x24f0</value>
         <object_component_ref idref="oc-e1"/>
      </symbol>
      <symbol id="sm-2cd">
         <name>_max_free</name>
         <value>0x2486</value>
         <object_component_ref idref="oc-e1"/>
      </symbol>
      <symbol id="sm-2ce">
         <name>_free</name>
         <value>0x2078</value>
         <object_component_ref idref="oc-e1"/>
      </symbol>
      <symbol id="sm-2cf">
         <name>_calloc</name>
         <value>0x255f</value>
         <object_component_ref idref="oc-e1"/>
      </symbol>
      <symbol id="sm-2d0">
         <name>_malloc</name>
         <value>0x21bc</value>
         <object_component_ref idref="oc-e1"/>
      </symbol>
      <symbol id="sm-2d1">
         <name>_minit</name>
         <value>0x214a</value>
         <object_component_ref idref="oc-e1"/>
      </symbol>
      <symbol id="sm-2db">
         <name>_fclose</name>
         <value>0x3fe5</value>
         <object_component_ref idref="oc-e8"/>
      </symbol>
      <symbol id="sm-2e5">
         <name>_remove</name>
         <value>0x46cd</value>
         <object_component_ref idref="oc-ec"/>
      </symbol>
   </symbol_table>
</link_info>
